16:07:03 **** Incremental Build of configuration Debug for project BlinkV1 ****
make -j7 all 
arm-none-eabi-gcc "../Core/Src/main.c" -mcpu=cortex-m4 -std=gnu11 -g3 -DDEBUG -DUSE_HAL_DRIVER -DSTM32G491xx -c -I../Core/Inc -I../Drivers/STM32G4xx_HAL_Driver/Inc -I../Drivers/STM32G4xx_HAL_Driver/Inc/Legacy -I../Drivers/CMSIS/Device/ST/STM32G4xx/Include -I../Drivers/CMSIS/Include -O0 -ffunction-sections -fdata-sections -Wall -fstack-usage -fcyclomatic-complexity -MMD -MP -MF"Core/Src/main.d" -MT"Core/Src/main.o" --specs=nano.specs -mfpu=fpv4-sp-d16 -mfloat-abi=hard -mthumb -o "Core/Src/main.o"
arm-none-eabi-gcc -o "BlinkV1.elf" @"objects.list"   -mcpu=cortex-m4 -T"/Users/michaelalex/Documents/Git/G491RE/BlinkV1/STM32G491RETX_FLASH.ld" --specs=nosys.specs -Wl,-Map="BlinkV1.map" -Wl,--gc-sections -static --specs=nano.specs -mfpu=fpv4-sp-d16 -mfloat-abi=hard -mthumb -Wl,--start-group -lc -lm -Wl,--end-group
Finished building target: BlinkV1.elf
 
arm-none-eabi-size  BlinkV1.elf 
arm-none-eabi-objdump -h -S BlinkV1.elf  > "BlinkV1.list"
   text	   data	    bss	    dec	    hex	filename
  11804	     12	   1724	  13540	   34e4	BlinkV1.elf
Finished building: default.size.stdout
 
Finished building: BlinkV1.list
 

16:07:04 Build Finished. 0 errors, 0 warnings. (took 535ms)

