18:44:57 **** Incremental Build of configuration Debug for project Timers_EstimateTime ****
make -j7 all 
arm-none-eabi-gcc "../Core/Src/main.c" -mcpu=cortex-m4 -std=gnu11 -g3 -DDEBUG -DUSE_HAL_DRIVER -DSTM32G491xx -c -I../Core/Inc -I../Drivers/STM32G4xx_HAL_Driver/Inc -I../Drivers/STM32G4xx_HAL_Driver/Inc/Legacy -I../Drivers/CMSIS/Device/ST/STM32G4xx/Include -I../Drivers/CMSIS/Include -O0 -ffunction-sections -fdata-sections -Wall -fstack-usage -fcyclomatic-complexity -MMD -MP -MF"Core/Src/main.d" -MT"Core/Src/main.o" --specs=nano.specs -mfpu=fpv4-sp-d16 -mfloat-abi=hard -mthumb -o "Core/Src/main.o"
arm-none-eabi-gcc -o "Timers_EstimateTime.elf" @"objects.list"   -mcpu=cortex-m4 -T"/Users/michaelalex/Documents/Git/G491RE/Timers_EstimateTime/STM32G491RETX_FLASH.ld" --specs=nosys.specs -Wl,-Map="Timers_EstimateTime.map" -Wl,--gc-sections -static --specs=nano.specs -mfpu=fpv4-sp-d16 -mfloat-abi=hard -mthumb -Wl,--start-group -lc -lm -Wl,--end-group
Finished building target: Timers_EstimateTime.elf
 
arm-none-eabi-size  Timers_EstimateTime.elf 
arm-none-eabi-objdump -h -S Timers_EstimateTime.elf  > "Timers_EstimateTime.list"
   text	   data	    bss	    dec	    hex	filename
  12948	     12	   1804	  14764	   39ac	Timers_EstimateTime.elf
Finished building: default.size.stdout
 
Finished building: Timers_EstimateTime.list
 
18:45:35 **** Incremental Build of configuration Debug for project Timers_EstimateTime ****
make -j7 all 
arm-none-eabi-size  Timers_EstimateTime.elf 
   text	   data	    bss	    dec	    hex	filename
  12948	     12	   1804	  14764	   39ac	Timers_EstimateTime.elf
Finished building: default.size.stdout
 
18:46:36 **** Incremental Build of configuration Debug for project Timers_EstimateTime ****
make -j7 all 
arm-none-eabi-size  Timers_EstimateTime.elf 
   text	   data	    bss	    dec	    hex	filename
  12948	     12	   1804	  14764	   39ac	Timers_EstimateTime.elf
Finished building: default.size.stdout
 
