23:40:02 **** Incremental Build of configuration Debug for project Timers_PWM ****
make -j8 all 
arm-none-eabi-gcc "../Core/Src/main.c" -mcpu=cortex-m4 -std=gnu11 -g3 -DDEBUG -DUSE_HAL_DRIVER -DSTM32G491xx -c -I../Core/Inc -I../Drivers/STM32G4xx_HAL_Driver/Inc -I../Drivers/STM32G4xx_HAL_Driver/Inc/Legacy -I../Drivers/CMSIS/Device/ST/STM32G4xx/Include -I../Drivers/CMSIS/Include -O0 -ffunction-sections -fdata-sections -Wall -fstack-usage -fcyclomatic-complexity -MMD -MP -MF"Core/Src/main.d" -MT"Core/Src/main.o" --specs=nano.specs -mfpu=fpv4-sp-d16 -mfloat-abi=hard -mthumb -o "Core/Src/main.o"
arm-none-eabi-gcc -o "Timers_PWM.elf" @"objects.list"   -mcpu=cortex-m4 -T"/home/michael/Documents/git/G491RE/Timers_PWM/STM32G491RETX_FLASH.ld" --specs=nosys.specs -Wl,-Map="Timers_PWM.map" -Wl,--gc-sections -static --specs=nano.specs -mfpu=fpv4-sp-d16 -mfloat-abi=hard -mthumb -Wl,--start-group -lc -lm -Wl,--end-group
Finished building target: Timers_PWM.elf
 
arm-none-eabi-size  Timers_PWM.elf 
arm-none-eabi-objdump -h -S Timers_PWM.elf  > "Timers_PWM.list"
   text	   data	    bss	    dec	    hex	filename
  16760	     12	   1796	  18568	   4888	Timers_PWM.elf
Finished building: default.size.stdout
 
Finished building: Timers_PWM.list
 
23:40:24 **** Incremental Build of configuration Debug for project Timers_PWM ****
make -j8 all 
arm-none-eabi-size  Timers_PWM.elf 
   text	   data	    bss	    dec	    hex	filename
  16760	     12	   1796	  18568	   4888	Timers_PWM.elf
Finished building: default.size.stdout
 
